┌──────────┐      ┌──────────┐      ┌──────────────┐
│ I Entity │      │ C Animal │      │ C Comparable │
└─────▲────┘      └──────────┘      └───────▲──────┘
      └┄┄┄┄┄┄┄┄┄┄┄┄┄┄┄┄┄┤                   ┆
                        ├┄┄┄┄┄┄┄┄┄┄┄┄┄┄┄┄┄┄┄┘
                        │
                   ┌────▲───┐
                   │ C Dog  │
                   └────────┘
