 ┌────────────────┐
 │    C Animal    │
 │ P legs: int    │
 ├────────────────┤
 │ m speak(self)  │
 └────────────────┘
          │
          │
          │
┌─────────▲────────┐
│      C Dog       │
│ P name: str      │
│ P tricks: list = │
├──────────────────┤
│ m fetch(self)    │
│ m bark(self)     │
└──────────────────┘
