   ┌──────────┐
   │ C Base1  │
   └──────────┘
         │
         │
         │
┌────────▲───────┐
│ C Child +Base2 │
└────────────────┘
         │
         │
         │
 ┌───────▲──────┐
 │ C GrandChild │
 └──────────────┘

── unrelated classes (1) ───────────────────────────────────
┌──────────┐
│ C Base2  │
└──────────┘
