              ┌────────┐
              │ C Root │
              └────────┘
                   │
          ┌────────┴────────┐
          │                 │
     ┌────▲───┐       ┌─────▲────┐
     │ C Left │       │ C Right  │
     └────────┘       └──────────┘
          │                 │
    ┌─────┴─────┐           │
    │           │           │
┌───▲──┐    ┌───▲──┐    ┌───▲──┐
│ C LL │    │ C LR │    │ C RR │
└──────┘    └──────┘    └──────┘
