┌──────┐
│ C A  │
└──────┘
    │
    │
    │
┌───▲──┐
│ C B  │
└──────┘

── unrelated classes (1) ───────────────────────────────────
┌──────────────────────────────────┐
│             C Lonely             │
│ P count: int                     │
├──────────────────────────────────┤
│ m a_very_long_method_name(self)  │
│ m conv(self)                     │
└──────────────────────────────────┘
