┌──────────────────────────┐
│ C Module ·models/base.py │
└──────────────────────────┘
              │
              │
              │
┌─────────────▲────────────┐
│ C Network ·models/net.py │
└──────────────────────────┘
              │
              │
              │
        ┌─────▲────┐
        │ C ResNet │
        └──────────┘
              │
              │
              │
       ┌──────▲─────┐
       │ C ResNet18 │
       └────────────┘
